// Jest Snapshot v1, https://goo.gl/fbAQLP

exports[`OnboardingScreen matches snapshot for step 1 1`] = `
<RNCSafeAreaProvider
  onInsetsChange={[Function]}
  style={
    [
      {
        "flex": 1,
      },
      undefined,
    ]
  }
>
  <View
    collapsable={false}
    pointerEvents="box-none"
    style={
      {
        "flex": 1,
      }
    }
  >
    <View
      style={
        {
          "backgroundColor": "#7E22CE",
          "flex": 1,
        }
      }
    >
      <View
        style={
          {
            "backgroundColor": "#7E22CE",
            "flex": 1,
            "padding": 24,
          }
        }
      >
        <View
          style={
            {
              "alignItems": "center",
              "flex": 1,
              "justifyContent": "center",
            }
          }
        >
          <Text
            style={
              {
                "color": "rgba(255, 255, 255, 1)",
                "fontSize": 24,
                "fontWeight": "600",
                "marginBottom": 16,
                "textAlign": "center",
              }
            }
          >
            Enable Dating Keyboard
          </Text>
          <Text
            style={
              {
                "color": "rgba(255, 255, 255, 1)",
                "fontSize": 16,
                "marginBottom": 24,
                "textAlign": "center",
              }
            }
          >
            Follow these steps to enable Charmr keyboard:
          </Text>
          <View
            style={
              {
                "marginBottom": 32,
                "width": "100%",
              }
            }
          >
            <Text
              style={
                {
                  "color": "rgba(255, 255, 255, 1)",
                  "fontSize": 16,
                  "marginBottom": 8,
                }
              }
            >
              1. Go to Settings
            </Text>
            <Text
              style={
                {
                  "color": "rgba(255, 255, 255, 1)",
                  "fontSize": 16,
                  "marginBottom": 8,
                }
              }
            >
              2. Tap General
            </Text>
            <Text
              style={
                {
                  "color": "rgba(255, 255, 255, 1)",
                  "fontSize": 16,
                  "marginBottom": 8,
                }
              }
            >
              3. Tap Keyboard
            </Text>
            <Text
              style={
                {
                  "color": "rgba(255, 255, 255, 1)",
                  "fontSize": 16,
                  "marginBottom": 8,
                }
              }
            >
              4. Tap Keyboards
            </Text>
            <Text
              style={
                {
                  "color": "rgba(255, 255, 255, 1)",
                  "fontSize": 16,
                  "marginBottom": 8,
                }
              }
            >
              5. Tap Add New Keyboard
            </Text>
            <Text
              style={
                {
                  "color": "rgba(255, 255, 255, 1)",
                  "fontSize": 16,
                  "marginBottom": 8,
                }
              }
            >
              6. Select Charmr
            </Text>
          </View>
          <View
            style={
              {
                "gap": 12,
                "marginTop": 24,
                "width": "100%",
              }
            }
          >
            <View
              accessibilityState={
                {
                  "busy": undefined,
                  "checked": undefined,
                  "disabled": undefined,
                  "expanded": undefined,
                  "selected": undefined,
                }
              }
              accessibilityValue={
                {
                  "max": undefined,
                  "min": undefined,
                  "now": undefined,
                  "text": undefined,
                }
              }
              accessible={true}
              collapsable={false}
              focusable={true}
              onClick={[Function]}
              onResponderGrant={[Function]}
              onResponderMove={[Function]}
              onResponderRelease={[Function]}
              onResponderTerminate={[Function]}
              onResponderTerminationRequest={[Function]}
              onStartShouldSetResponder={[Function]}
              style={
                {
                  "alignItems": "center",
                  "backgroundColor": "rgba(255, 255, 255, 1)",
                  "borderRadius": 24,
                  "height": 48,
                  "justifyContent": "center",
                  "opacity": 1,
                }
              }
            >
              <Text
                style={
                  [
                    {
                      "fontSize": 16,
                      "fontWeight": "600",
                    },
                    {
                      "color": "#7E22CE",
                    },
                  ]
                }
              >
                Go to Settings
              </Text>
            </View>
            <View
              accessibilityState={
                {
                  "busy": undefined,
                  "checked": undefined,
                  "disabled": undefined,
                  "expanded": undefined,
                  "selected": undefined,
                }
              }
              accessibilityValue={
                {
                  "max": undefined,
                  "min": undefined,
                  "now": undefined,
                  "text": undefined,
                }
              }
              accessible={true}
              collapsable={false}
              focusable={true}
              onClick={[Function]}
              onResponderGrant={[Function]}
              onResponderMove={[Function]}
              onResponderRelease={[Function]}
              onResponderTerminate={[Function]}
              onResponderTerminationRequest={[Function]}
              onStartShouldSetResponder={[Function]}
              style={
                {
                  "alignItems": "center",
                  "backgroundColor": "transparent",
                  "borderColor": "rgba(255, 255, 255, 1)",
                  "borderRadius": 24,
                  "borderWidth": 1,
                  "height": 48,
                  "justifyContent": "center",
                  "opacity": 1,
                }
              }
            >
              <Text
                style={
                  [
                    {
                      "fontSize": 16,
                      "fontWeight": "600",
                    },
                    {
                      "color": "rgba(255, 255, 255, 1)",
                    },
                  ]
                }
              >
                Need Help?
              </Text>
            </View>
          </View>
        </View>
        <View
          style={
            {
              "flexDirection": "row",
              "justifyContent": "space-between",
              "marginTop": 16,
            }
          }
        >
          <View
            accessibilityState={
              {
                "busy": undefined,
                "checked": undefined,
                "disabled": undefined,
                "expanded": undefined,
                "selected": undefined,
              }
            }
            accessibilityValue={
              {
                "max": undefined,
                "min": undefined,
                "now": undefined,
                "text": undefined,
              }
            }
            accessible={true}
            collapsable={false}
            focusable={true}
            onClick={[Function]}
            onResponderGrant={[Function]}
            onResponderMove={[Function]}
            onResponderRelease={[Function]}
            onResponderTerminate={[Function]}
            onResponderTerminationRequest={[Function]}
            onStartShouldSetResponder={[Function]}
            style={
              {
                "alignItems": "center",
                "backgroundColor": "transparent",
                "borderColor": "rgba(255, 255, 255, 1)",
                "borderRadius": 24,
                "borderWidth": 1,
                "flex": 1,
                "height": 48,
                "justifyContent": "center",
                "marginHorizontal": 4,
                "opacity": 1,
              }
            }
            testID="skip-button"
          >
            <Text
              style={
                {
                  "color": "rgba(255, 255, 255, 1)",
                  "fontSize": 16,
                  "fontWeight": "600",
                }
              }
            >
              Skip
            </Text>
          </View>
          <View
            accessibilityState={
              {
                "busy": undefined,
                "checked": undefined,
                "disabled": undefined,
                "expanded": undefined,
                "selected": undefined,
              }
            }
            accessibilityValue={
              {
                "max": undefined,
                "min": undefined,
                "now": undefined,
                "text": undefined,
              }
            }
            accessible={true}
            collapsable={false}
            focusable={true}
            onClick={[Function]}
            onResponderGrant={[Function]}
            onResponderMove={[Function]}
            onResponderRelease={[Function]}
            onResponderTerminate={[Function]}
            onResponderTerminationRequest={[Function]}
            onStartShouldSetResponder={[Function]}
            style={
              {
                "alignItems": "center",
                "backgroundColor": "rgba(255, 255, 255, 1)",
                "borderRadius": 24,
                "flex": 1,
                "height": 48,
                "justifyContent": "center",
                "marginHorizontal": 4,
                "opacity": 1,
              }
            }
            testID="next-button"
          >
            <Text
              style={
                {
                  "color": "#7E22CE",
                  "fontSize": 16,
                  "fontWeight": "600",
                }
              }
            >
              Next
            </Text>
          </View>
        </View>
      </View>
    </View>
  </View>
  <View
    collapsable={false}
    pointerEvents="box-none"
    style={
      {
        "bottom": 0,
        "left": 0,
        "position": "absolute",
        "right": 0,
        "top": 0,
      }
    }
  >
    <Modal
      contentContainerStyle={
        {
          "alignItems": "center",
          "backgroundColor": "#7E22CE",
          "flex": 1,
          "justifyContent": "space-between",
          "margin": 0,
        }
      }
      onDismiss={[Function]}
      visible={false}
    >
      <Text
        style={
          {
            "alignItems": "center",
            "color": "rgba(255, 255, 255, 1)",
            "fontSize": 24,
            "fontWeight": "600",
            "justifyContent": "center",
            "marginBottom": 24,
            "paddingTop": 24,
          }
        }
      >
        How to Enable Keyboard
      </Text>
      <Image
        resizeMode="contain"
        source="test-file-stub"
        style={
          {
            "borderColor": "#40E0D0",
            "borderRadius": 8,
            "borderWidth": 5,
            "margin": 0,
            "padding": 0,
            "width": "90%",
          }
        }
      />
      <View
        accessibilityState={
          {
            "busy": undefined,
            "checked": undefined,
            "disabled": undefined,
            "expanded": undefined,
            "selected": undefined,
          }
        }
        accessibilityValue={
          {
            "max": undefined,
            "min": undefined,
            "now": undefined,
            "text": undefined,
          }
        }
        accessible={true}
        collapsable={false}
        focusable={true}
        onClick={[Function]}
        onResponderGrant={[Function]}
        onResponderMove={[Function]}
        onResponderRelease={[Function]}
        onResponderTerminate={[Function]}
        onResponderTerminationRequest={[Function]}
        onStartShouldSetResponder={[Function]}
        style={
          {
            "alignItems": "center",
            "backgroundColor": "rgba(255, 255, 255, 1)",
            "borderRadius": 24,
            "height": 48,
            "justifyContent": "center",
            "marginTop": 24,
            "opacity": 1,
            "width": "95%",
          }
        }
      >
        <Text
          style={
            {
              "color": "#7E22CE",
              "fontSize": 16,
              "fontWeight": "600",
            }
          }
        >
          Close
        </Text>
      </View>
    </Modal>
  </View>
</RNCSafeAreaProvider>
`;
